2013-07-05T08:43:21.034 [GlobalLogger - ] Logging proxy successfully created !
2013-07-05T08:43:21.035 Local file logger: Cache saved to '/diska/home/almadev/MODULES_SVN_1_7/ACS/LGPL/CommonSoftware/ACSLaser/laser-source-python/test/tmp/log_cache.dat__3426'.
2013-07-05T08:43:21.042 [GlobalLogger - ] New command line is: -silent -ORBEndpoint iiop://192.168.153.141:3011 -ORBInitRef NameService=corbaloc::192.168.153.141:3001/NameService -ORBDottedDecimalAddresses 1 
Initialising ORB ... 
ORB initialsed !
2013-07-05T08:43:21.056 [GlobalLogger - ] Trying to connect to the Naming Service ....
2013-07-05T08:43:21.072 [GlobalLogger - ] Connected to the Name Service
Resolving Logging Service from Naming service ...
Logging Service resolved !
Creating POA ... 
policies are created !
POA created !
Policies are destroyed !
2013-07-05T08:43:21.085 [GlobalLogger - ] ACSLogSvc service registered with Naming Services
2013-07-05T08:43:21.141 [GlobalLogger - ] ACSLogSvc is waiting for incoming log messages ...
