2013-07-05T08:42:29.837 DEBUG [Searching for schema files in: /diska/home/almadev/MODULES_SVN_1_7/ACS/LGPL/CommonSoftware/ACSLaser/laser-source-python/test/../config/CDB/schemas:/diska/home/almadev/MODULES_SVN_1_7/ACS/LGPL/CommonSoftware/ACSLaser/laser-source-python/test/CDB/schemas:/diska/home/almadev/introot/config/CDB/schemas:/alma/ACS-12.1/ACSSW/config/CDB/schemas] 
 --endorsed --maxHeapSize 512m -D jacorb.poa.thread_pool_max=200 -D jacorb.connection.client.pending_reply_timeout=30000 -D ACS.cdbpath=/diska/home/almadev/MODULES_SVN_1_7/ACS/LGPL/CommonSoftware/ACSLaser/laser-source-python/test/../config/CDB/schemas:/diska/home/almadev/MODULES_SVN_1_7/ACS/LGPL/CommonSoftware/ACSLaser/laser-source-python/test/CDB/schemas:/diska/home/almadev/introot/config/CDB/schemas:/alma/ACS-12.1/ACSSW/config/CDB/schemas -- com.cosylab.cdb.jdal.Server -jacorb -root /diska/home/almadev/MODULES_SVN_1_7/ACS/LGPL/CommonSoftware/ACSLaser/laser-source-python/test -OAIAddr 192.168.153.141 -OAport 3012 -n
2013-07-05T08:42:30.409 INFO [acsStartJava] Starting Java application: com.cosylab.cdb.jdal.Server -jacorb -root /diska/home/almadev/MODULES_SVN_1_7/ACS/LGPL/CommonSoftware/ACSLaser/laser-source-python/test -OAIAddr 192.168.153.141 -OAport 3012 -n
2013-07-05T08:42:30.614 INFO [acsStartJava] Using endorsed jar files in: -Djava.endorsed.dirs=/diska/home/almadev/introot/lib/endorsed:/alma/ACS-12.1/ACSSW/lib/endorsed:
2013-07-05T08:42:34.442 DEBUG [acsStartJava] exported CLASSPATH
2013-07-05T08:42:34.457 DEBUG [acsStartJava] exported MANAGER_REFERENCE=corbaloc::192.168.153.141:3000/Manager
2013-07-05T08:42:34.572 DEBUG [acsStartJava] ACS Manager: corbaloc::192.168.153.141:3000/Manager
2013-07-05T08:42:35.067 DEBUG [acsStartJava] exported MANAGER_COMPUTER_NAME=192.168.153.141
2013-07-05T08:42:35.082 DEBUG [acsStartJava] exported ACS_NAME_SERVICE=corbaloc::192.168.153.141:3001/NameService
2013-07-05T08:42:35.096 DEBUG [acsStartJava] ACS Name Service: corbaloc::192.168.153.141:3001/NameService
2013-07-05T08:42:36.865 DEBUG [acsStartJava] exported ACS_INTERFACE_REPOSITORY=IOR:010000003600000049444c3a6f6d672e6f72672f434f5242412f436f6d706f6e656e7449522f436f6d706f6e656e745265706f7369746f72793a312e3000000001000000000000007800000001010200100000003139322e3136382e3135332e31343100bc0b00002300000014010f004e5550000000180000000001000000526f6f74504f41007265706f504f41000002000000000000000800000001000000004f41540100000018000000010000000100010001000000010001050901010000000000
2013-07-05T08:42:36.961 DEBUG [acsStartJava] ACS Interface Repository: IOR:010000003600000049444c3a6f6d672e6f72672f434f5242412f436f6d706f6e656e7449522f436f6d706f6e656e745265706f7369746f72793a312e3000000001000000000000007800000001010200100000003139322e3136382e3135332e31343100bc0b00002300000014010f004e5550000000180000000001000000526f6f74504f41007265706f504f41000002000000000000000800000001000000004f41540100000018000000010000000100010001000000010001050901010000000000
2013-07-05T08:42:37.745 DEBUG [acsStartJava] Running the following command:
2013-07-05T08:42:37.760 DEBUG [acsStartJava] java -classpath "/alma/ACS-12.1/ACSSW/lib/jACSUtil.jar::/alma/ACS-12.1/JacORB/lib/jacorb.jar:/alma/ACS-12.1/JacORB/lib/idl.jar:/alma/ACS-12.1/ant/lib/ant.jar:/alma/ACS-12.1/acsdata/config" "-Djava.endorsed.dirs=/diska/home/almadev/introot/lib/endorsed:/alma/ACS-12.1/ACSSW/lib/endorsed:" -Dorg.apache.xerces.xni.parser.XMLParserConfiguration=org.apache.xerces.parsers.XIncludeParserConfiguration -Dorg.omg.CORBA.ORBClass=org.jacorb.orb.ORB -Dorg.omg.CORBA.ORBSingletonClass=org.jacorb.orb.ORBSingleton -Duser.timezone=UTC -DACS.manager=corbaloc::192.168.153.141:3000/Manager -DORBInitRef.NameService=corbaloc::192.168.153.141:3001/NameService  -DACS.repository=IOR:010000003600000049444c3a6f6d672e6f72672f434f5242412f436f6d706f6e656e7449522f436f6d706f6e656e745265706f7369746f72793a312e3000000001000000000000007800000001010200100000003139322e3136382e3135332e31343100bc0b00002300000014010f004e5550000000180000000001000000526f6f74504f41007265706f504f41000002000000000000000800000001000000004f41540100000018000000010000000100010001000000010001050901010000000000 -DACS.tmp=/diska/home/almadev/MODULES_SVN_1_7/ACS/LGPL/CommonSoftware/ACSLaser/laser-source-python/test/tmp -DACS.baseport=0 -DACS.data=/alma/ACS-12.1/acsdata -DACS.logstdout=3 -DACS.log.minlevel.remote=4 -DACS.loggingBin=false   -D'jacorb.poa.thread_pool_max=200' -D'jacorb.connection.client.pending_reply_timeout=30000' -D'ACS.cdbpath=/diska/home/almadev/MODULES_SVN_1_7/ACS/LGPL/CommonSoftware/ACSLaser/laser-source-python/test/../config/CDB/schemas:/diska/home/almadev/MODULES_SVN_1_7/ACS/LGPL/CommonSoftware/ACSLaser/laser-source-python/test/CDB/schemas:/diska/home/almadev/introot/config/CDB/schemas:/alma/ACS-12.1/ACSSW/config/CDB/schemas' -Djava.system.class.loader=alma.acs.classloading.AcsSystemClassLoader    -Dacs.system.classpath.jardirs="../lib:/diska/home/almadev/introot/lib:/alma/ACS-12.1/ACSSW/lib"    -Dacs.system.path="..:/diska/home/almadev/introot:/alma/ACS-12.1/ACSSW" -Djava.util.logging.manager=alma.acs.logging.AcsLogManager -Dalma.acs.logging.useAcsLogServiceExtensions=1 -Dorg.apache.commons.logging.LogFactory=alma.acs.logging.adapters.CommonsLoggingFactory -server -XX:+UseConcMarkSweepGC -XX:+CMSIncrementalMode -XX:+CMSParallelRemarkEnabled -Xmx512m -Xloggc:/diska/home/almadev/MODULES_SVN_1_7/ACS/LGPL/CommonSoftware/ACSLaser/laser-source-python/test/tmp/ACS_INSTANCE.0/cdbjDAL.gclog -XX:+PrintGCDetails -XX:+PrintGCTimeStamps -XX:+PrintGCApplicationConcurrentTime -XX:+PrintGCApplicationStoppedTime -XX:+PrintTenuringDistribution -XX:+PrintHeapAtGC -XX:+HeapDumpOnOutOfMemoryError -XX:HeapDumpPath=/alma/ACS-12.1/acsdata/dumps/alma/ACS_INSTANCE.0 -XX:ErrorFile=/alma/ACS-12.1/acsdata/dumps/alma/ACS_INSTANCE.0/jvm_fatal_error%p.log -showversion  com.cosylab.cdb.jdal.Server -jacorb -root /diska/home/almadev/MODULES_SVN_1_7/ACS/LGPL/CommonSoftware/ACSLaser/laser-source-python/test -OAIAddr 192.168.153.141 -OAport 3012 -n
java version "1.6.0_22"
Java(TM) SE Runtime Environment (build 1.6.0_22-b04)
Java HotSpot(TM) Server VM (build 17.1-b03, mixed mode)

2013-07-05T08:42:57.503 INFO [alma.acs.logging] Logger jacorb@CDB created with custom log levels local=Info, remote=Info to avoid log jams due to careless default log level settings.
2013-07-05T08:43:00.130 INFO [CDB] DALImpl will use XSD caching for xerces sax parser ? false
2013-07-05T08:43:00.143 INFO [CDB] DAL root is: /diska/home/almadev/MODULES_SVN_1_7/ACS/LGPL/CommonSoftware/ACSLaser/laser-source-python/test/CDB/
2013-07-05T08:43:00.933 DEBUG [CDB] - found 0 xsd-files in -root=/diska/home/almadev/MODULES_SVN_1_7/ACS/LGPL/CommonSoftware/ACSLaser/laser-source-python/test/CDB/
2013-07-05T08:43:01.010 DEBUG [CDB] - found 37 additional xsd-files in ACS.cdbpath=/diska/home/almadev/MODULES_SVN_1_7/ACS/LGPL/CommonSoftware/ACSLaser/laser-source-python/test/../config/CDB/schemas:/diska/home/almadev/MODULES_SVN_1_7/ACS/LGPL/CommonSoftware/ACSLaser/laser-source-python/test/CDB/schemas:/diska/home/almadev/introot/config/CDB/schemas:/alma/ACS-12.1/ACSSW/config/CDB/schemas
2013-07-05T08:43:02.993 INFO [CDB] JDAL is listening on 192.168.153.141:3012/CDB
2013-07-05T08:43:02.993 INFO [CDB] JDAL is ready and waiting ...
JDAL is ready and waiting ...
2013-07-05T08:43:02.994 DEBUG [CDB] Starting pre-filling cache...
2013-07-05T08:43:03.024 DEBUG [CDB] loadRecords(curl=MACI/Managers/Manager), strFileCurl=MACI/Managers/Manager, strNodeCurl=
2013-07-05T08:43:03.024 DEBUG [CDB] loadRecords(curl=MACI/Managers/Manager); curlNode 'Manager' is simple.
2013-07-05T08:43:03.025 DEBUG [CDB] Parsing xmlFile=/diska/home/almadev/MODULES_SVN_1_7/ACS/LGPL/CommonSoftware/ACSLaser/laser-source-python/test/CDB/MACI/Managers/Manager/Manager.xml
2013-07-05T08:43:04.584 DEBUG [CDB] Returning XML record for: MACI/Managers/Manager
2013-07-05T08:43:04.973 DEBUG [CDB] XML record 'MACI/Managers/Manager' put to cache.
2013-07-05T08:43:04.973 DEBUG [CDB] loadRecords(curl=MACI/Components), strFileCurl=MACI/Components, strNodeCurl=
2013-07-05T08:43:04.973 DEBUG [CDB] loadRecords(curl=MACI/Components); curlNode 'Components' is simple.
2013-07-05T08:43:04.973 DEBUG [CDB] Parsing xmlFile=/diska/home/almadev/MODULES_SVN_1_7/ACS/LGPL/CommonSoftware/ACSLaser/laser-source-python/test/CDB/MACI/Components/Components.xml
2013-07-05T08:43:05.235 DEBUG [CDB] Returning XML record for: MACI/Components
2013-07-05T08:43:05.494 DEBUG [CDB] XML record 'MACI/Components' put to cache.
2013-07-05T08:43:05.500 DEBUG [CDB] loadRecords(curl=MACI/Containers/bilboContainer), strFileCurl=MACI/Containers/bilboContainer, strNodeCurl=
2013-07-05T08:43:05.500 DEBUG [CDB] loadRecords(curl=MACI/Containers/bilboContainer); curlNode 'bilboContainer' is simple.
2013-07-05T08:43:05.500 DEBUG [CDB] Parsing xmlFile=/diska/home/almadev/MODULES_SVN_1_7/ACS/LGPL/CommonSoftware/ACSLaser/laser-source-python/test/CDB/MACI/Containers/bilboContainer/bilboContainer.xml
2013-07-05T08:43:05.603 DEBUG [CDB] Returning XML record for: MACI/Containers/bilboContainer
2013-07-05T08:43:05.941 DEBUG [CDB] XML record 'MACI/Containers/bilboContainer' put to cache.
2013-07-05T08:43:05.941 DEBUG [CDB] Cache filling fully completed.
2013-07-05T08:43:33.465 DEBUG [CDB] loadRecords(curl=Alarms/Administrative/AlarmSystemConfiguration), strFileCurl=Alarms/Administrative/AlarmSystemConfiguration, strNodeCurl=
2013-07-05T08:43:33.465 DEBUG [CDB] loadRecords(curl=Alarms/Administrative/AlarmSystemConfiguration); curlNode 'AlarmSystemConfiguration' is simple.
2013-07-05T08:43:33.471 DEBUG [CDB] Parsing xmlFile=/diska/home/almadev/MODULES_SVN_1_7/ACS/LGPL/CommonSoftware/ACSLaser/laser-source-python/test/CDB/Alarms/Administrative/AlarmSystemConfiguration/AlarmSystemConfiguration.xml
2013-07-05T08:43:33.551 DEBUG [CDB] Returning XML record for: Alarms/Administrative/AlarmSystemConfiguration
2013-07-05T08:43:33.652 DEBUG [CDB] XML record 'Alarms/Administrative/AlarmSystemConfiguration' put to cache.
2013-07-05T08:43:34.884 DEBUG [CDB] loadRecords(curl=MACI/Channels/CMW.ALARM_SYSTEM.ADMIN_CACHE_LOADER), strFileCurl=MACI/Channels, strNodeCurl=CMW.ALARM_SYSTEM.ADMIN_CACHE_LOADER/
2013-07-05T08:43:34.888 NOTICE [CDB] Curl 'MACI/Channels/CMW.ALARM_SYSTEM.ADMIN_CACHE_LOADER' does not exist.
2013-07-05T08:43:34.909 DEBUG [CDB] loadRecords(curl=MACI/Channels/CMW.ALARM_SYSTEM.ADMIN_CACHE_LOADER), strFileCurl=MACI/Channels, strNodeCurl=CMW.ALARM_SYSTEM.ADMIN_CACHE_LOADER/
2013-07-05T08:43:35.007 DEBUG [CDB] loadRecords(curl=MACI/Channels), strFileCurl=MACI/Channels, strNodeCurl=
2013-07-05T08:43:35.008 DEBUG [CDB] loadRecords(curl=MACI/Channels), curlNode is Complex
2013-07-05T08:43:35.031 DEBUG [CDB] Returning XML record for: MACI/Channels
2013-07-05T08:43:35.134 DEBUG [CDB] XML record 'MACI/Channels' put to cache.
2013-07-05T08:43:35.175 INFO [CDB] Recovery file: /diska/home/almadev/MODULES_SVN_1_7/ACS/LGPL/CommonSoftware/ACSLaser/laser-source-python/test/tmp/CDB_Recovery.txt
2013-07-05T08:43:35.379 DEBUG [CDB] loadRecords(curl=MACI/Channels/CMW.ALARM_SYSTEM.ADMIN_CACHE_LOADER), strFileCurl=MACI/Channels, strNodeCurl=CMW.ALARM_SYSTEM.ADMIN_CACHE_LOADER/
2013-07-05T08:43:35.506 DEBUG [CDB] Exception for record 'MACI/Channels/CMW.ALARM_SYSTEM.ADMIN_CACHE_LOADER' put to cache.
2013-07-05T08:43:35.538 DEBUG [CDB] CDBRecordDoesNotExist exception for record 'MACI/Channels/CMW.ALARM_SYSTEM.ADMIN_CACHE_LOADER' retrieved from cache.
2013-07-05T08:43:36.007 DEBUG [CDB] loadRecords(curl=/Alarms/AlarmDefinitions), strFileCurl=/Alarms/AlarmDefinitions, strNodeCurl=
2013-07-05T08:43:36.007 DEBUG [CDB] loadRecords(curl=/Alarms/AlarmDefinitions), curlNode is Complex
2013-07-05T08:43:36.045 DEBUG [CDB] Returning XML record for: /Alarms/AlarmDefinitions
2013-07-05T08:43:36.176 DEBUG [CDB] XML record 'Alarms/AlarmDefinitions' put to cache.
2013-07-05T08:43:36.416 DEBUG [CDB] loadRecords(curl=/Alarms/Administrative/ReductionDefinitions), strFileCurl=/Alarms/Administrative/ReductionDefinitions, strNodeCurl=
2013-07-05T08:43:36.416 DEBUG [CDB] loadRecords(curl=/Alarms/Administrative/ReductionDefinitions); curlNode 'ReductionDefinitions' is simple.
2013-07-05T08:43:36.416 DEBUG [CDB] Parsing xmlFile=/diska/home/almadev/MODULES_SVN_1_7/ACS/LGPL/CommonSoftware/ACSLaser/laser-source-python/test/CDB/Alarms/Administrative/ReductionDefinitions/ReductionDefinitions.xml
2013-07-05T08:43:36.472 DEBUG [CDB] Returning XML record for: /Alarms/Administrative/ReductionDefinitions
2013-07-05T08:43:36.574 DEBUG [CDB] XML record 'Alarms/Administrative/ReductionDefinitions' put to cache.
2013-07-05T08:43:36.617 DEBUG [CDB] loadRecords(curl=/Alarms/Administrative/Categories), strFileCurl=/Alarms/Administrative/Categories, strNodeCurl=
2013-07-05T08:43:36.618 DEBUG [CDB] loadRecords(curl=/Alarms/Administrative/Categories); curlNode 'Categories' is simple.
2013-07-05T08:43:36.618 DEBUG [CDB] Parsing xmlFile=/diska/home/almadev/MODULES_SVN_1_7/ACS/LGPL/CommonSoftware/ACSLaser/laser-source-python/test/CDB/Alarms/Administrative/Categories/Categories.xml
2013-07-05T08:43:36.649 DEBUG [CDB] Returning XML record for: /Alarms/Administrative/Categories
2013-07-05T08:43:36.752 DEBUG [CDB] XML record 'Alarms/Administrative/Categories' put to cache.
2013-07-05T08:43:37.763 DEBUG [CDB] loadRecords(curl=MACI/Channels/CMW.ALARM_SYSTEM.ALARMS.SOURCES.ALARM_SYSTEM_SOURCES), strFileCurl=MACI/Channels, strNodeCurl=CMW.ALARM_SYSTEM.ALARMS.SOURCES.ALARM_SYSTEM_SOURCES/
2013-07-05T08:43:37.763 NOTICE [CDB] Curl 'MACI/Channels/CMW.ALARM_SYSTEM.ALARMS.SOURCES.ALARM_SYSTEM_SOURCES' does not exist.
2013-07-05T08:43:37.778 DEBUG [CDB] loadRecords(curl=MACI/Channels/CMW.ALARM_SYSTEM.ALARMS.SOURCES.ALARM_SYSTEM_SOURCES), strFileCurl=MACI/Channels, strNodeCurl=CMW.ALARM_SYSTEM.ALARMS.SOURCES.ALARM_SYSTEM_SOURCES/
2013-07-05T08:43:37.786 DEBUG [CDB] XML record 'MACI/Channels' retrieved from cache.
2013-07-05T08:43:37.799 DEBUG [CDB] loadRecords(curl=MACI/Channels/CMW.ALARM_SYSTEM.ALARMS.SOURCES.ALARM_SYSTEM_SOURCES), strFileCurl=MACI/Channels, strNodeCurl=CMW.ALARM_SYSTEM.ALARMS.SOURCES.ALARM_SYSTEM_SOURCES/
2013-07-05T08:43:37.899 DEBUG [CDB] Exception for record 'MACI/Channels/CMW.ALARM_SYSTEM.ALARMS.SOURCES.ALARM_SYSTEM_SOURCES' put to cache.
2013-07-05T08:43:37.907 DEBUG [CDB] CDBRecordDoesNotExist exception for record 'MACI/Channels/CMW.ALARM_SYSTEM.ALARMS.SOURCES.ALARM_SYSTEM_SOURCES' retrieved from cache.
2013-07-05T08:43:38.110 DEBUG [CDB] loadRecords(curl=MACI/Channels/CMW.ALARM_SYSTEM.HEARTBEAT), strFileCurl=MACI/Channels, strNodeCurl=CMW.ALARM_SYSTEM.HEARTBEAT/
2013-07-05T08:43:38.111 NOTICE [CDB] Curl 'MACI/Channels/CMW.ALARM_SYSTEM.HEARTBEAT' does not exist.
2013-07-05T08:43:38.129 DEBUG [CDB] XML record 'MACI/Channels' retrieved from cache.
2013-07-05T08:43:38.148 DEBUG [CDB] loadRecords(curl=MACI/Channels/CMW.ALARM_SYSTEM.HEARTBEAT), strFileCurl=MACI/Channels, strNodeCurl=CMW.ALARM_SYSTEM.HEARTBEAT/
2013-07-05T08:43:38.251 DEBUG [CDB] Exception for record 'MACI/Channels/CMW.ALARM_SYSTEM.HEARTBEAT' put to cache.
2013-07-05T08:43:38.266 DEBUG [CDB] CDBRecordDoesNotExist exception for record 'MACI/Channels/CMW.ALARM_SYSTEM.HEARTBEAT' retrieved from cache.
2013-07-05T08:43:44.863 DEBUG [CDB] XML record 'MACI/Managers/Manager' retrieved from cache.
2013-07-05T08:43:45.545 DEBUG [CDB] XML record 'MACI/Managers/Manager' retrieved from cache.
2013-07-05T08:43:45.581 DEBUG [CDB] XML record 'MACI/Components' retrieved from cache.
2013-07-05T08:43:45.815 DEBUG [CDB] loadRecords(curl=MACI/Containers), strFileCurl=MACI/Containers, strNodeCurl=
2013-07-05T08:43:45.815 DEBUG [CDB] loadRecords(curl=MACI/Containers), curlNode is Complex
2013-07-05T08:43:45.835 DEBUG [CDB] Returning XML record for: MACI/Containers
2013-07-05T08:43:46.081 DEBUG [CDB] XML record 'MACI/Containers' put to cache.
2013-07-05T08:44:09.661 DEBUG [CDB] CDBRecordDoesNotExist exception for record 'MACI/Channels/CMW.ALARM_SYSTEM.ALARMS.SOURCES.ALARM_SYSTEM_SOURCES' retrieved from cache.
2013-07-05T08:44:09.675 DEBUG [CDB] XML record 'MACI/Channels' retrieved from cache.
2013-07-05T08:44:10.196 DEBUG [CDB] XML record 'Alarms/Administrative/AlarmSystemConfiguration' retrieved from cache.
2013-07-05T08:44:10.446 DEBUG [CDB] CDBRecordDoesNotExist exception for record 'MACI/Channels/CMW.ALARM_SYSTEM.ALARMS.SOURCES.ALARM_SYSTEM_SOURCES' retrieved from cache.
2013-07-05T08:44:11.932 DEBUG [CDB] loadRecords(curl=MACI/Channels/CMW.ALARM_SYSTEM.CATEGORIES.CATEGORY1), strFileCurl=MACI/Channels, strNodeCurl=CMW.ALARM_SYSTEM.CATEGORIES.CATEGORY1/
2013-07-05T08:44:11.932 NOTICE [CDB] Curl 'MACI/Channels/CMW.ALARM_SYSTEM.CATEGORIES.CATEGORY1' does not exist.
2013-07-05T08:44:11.945 DEBUG [CDB] XML record 'MACI/Channels' retrieved from cache.
2013-07-05T08:44:11.957 DEBUG [CDB] loadRecords(curl=MACI/Channels/CMW.ALARM_SYSTEM.CATEGORIES.CATEGORY1), strFileCurl=MACI/Channels, strNodeCurl=CMW.ALARM_SYSTEM.CATEGORIES.CATEGORY1/
2013-07-05T08:44:12.059 DEBUG [CDB] Exception for record 'MACI/Channels/CMW.ALARM_SYSTEM.CATEGORIES.CATEGORY1' put to cache.
2013-07-05T08:44:12.067 DEBUG [CDB] CDBRecordDoesNotExist exception for record 'MACI/Channels/CMW.ALARM_SYSTEM.CATEGORIES.CATEGORY1' retrieved from cache.
2013-07-05T08:44:12.110 DEBUG [CDB] loadRecords(curl=MACI/Channels/CMW.ALARM_SYSTEM.CATEGORIES.ROOT), strFileCurl=MACI/Channels, strNodeCurl=CMW.ALARM_SYSTEM.CATEGORIES.ROOT/
2013-07-05T08:44:12.111 NOTICE [CDB] Curl 'MACI/Channels/CMW.ALARM_SYSTEM.CATEGORIES.ROOT' does not exist.
2013-07-05T08:44:12.119 DEBUG [CDB] XML record 'MACI/Channels' retrieved from cache.
2013-07-05T08:44:12.132 DEBUG [CDB] loadRecords(curl=MACI/Channels/CMW.ALARM_SYSTEM.CATEGORIES.ROOT), strFileCurl=MACI/Channels, strNodeCurl=CMW.ALARM_SYSTEM.CATEGORIES.ROOT/
2013-07-05T08:44:12.235 DEBUG [CDB] Exception for record 'MACI/Channels/CMW.ALARM_SYSTEM.CATEGORIES.ROOT' put to cache.
2013-07-05T08:44:12.244 DEBUG [CDB] CDBRecordDoesNotExist exception for record 'MACI/Channels/CMW.ALARM_SYSTEM.CATEGORIES.ROOT' retrieved from cache.
2013-07-05T08:44:32.471 INFO [CDB] JDAL exiting ORB loop ...
