2016-05-20T11:48:08.479 [GlobalLogger - ] Logging proxy successfully created !
2016-05-20T11:48:08.479 [GlobalLogger - ] New command line is: -silent -ORBEndpoint iiop://192.168.64.140:3011 -ORBInitRef NameService=corbaloc::192.168.64.140:3001/NameService -ORBDottedDecimalAddresses 1 
2016-05-20T11:48:08.479 Local file logger: Cache saved to '/diska/home/almadev/SVNWORK/TRUNK/ACS/LGPL/CommonSoftware/acsExtras/acsXmlFileStore/test/tmp/ACS_INSTANCE.0/acs_local_log__27850'.
Initialising ORB ... 
ORB initialsed !
2016-05-20T11:48:08.481 [GlobalLogger - ] Trying to connect to the Naming Service ....
2016-05-20T11:48:08.482 [GlobalLogger - ] Connected to the Name Service
Resolving Logging Service from Naming service ...
Logging Service resolved !
Creating POA ... 
policies are created !
POA created !
Policies are destroyed !
2016-05-20T11:48:08.483 [GlobalLogger - ] ACSLogSvc service registered with Naming Services
2016-05-20T11:48:08.484 [GlobalLogger - ] ACSLogSvc is waiting for incoming log messages ...
