ACS Centralized Logger starting.
Starting up the ACS Centralized Logger...
Resolving Naming Service...
Resolving Notify Service...
Creating Event Channels...
Creating Supplier Admins...
Creating Suppliers...
Creating Log Factory...
Log Factory registered with the naming service as: LogFactory
Creating Log...
Log registered with the naming service as: Log
ACS Centralized Logger is initialized.
argv[0]=loggingService
argv[1]=-ORBEndpoint
argv[2]=iiop://192.168.64.140:3003
argv[3]=-ORBInitRef
argv[4]=NameService=corbaloc::192.168.64.140:3001/NameService
argv[5]=-ORBInitRef
argv[6]=LoggingNotifyEventChannelFactory=corbaloc::192.168.64.140:/LoggingNotifyEventChannelFactory
argv[7]=-ORBDottedDecimalAddresses
argv[8]=1
ACS Centralized Logger is running...