1 -   File "ACSCorba.py", line xxx, in getClient
1 -     SINGLETON_CLIENT = _Client()
1 -   File "mock.py", line xxx, in __call__
1 -     ret_val = self.side_effect(*args, **kwargs)
1 -   File "test_Acspy_Util_ACSCorba.py", line xxx, in raiser
1 -     raise Exception("Boom!")
1 - Exception: Boom!
1 -   File "ACSCorba.py", line xxx, in getManager
1 -     if MGR_REF != None and (not CORBA.is_nil(MGR_REF)):
1 -   File "CORBA.py", line xxx, in is_nil
1 -     raise BAD_PARAM(omniORB.BAD_PARAM_WrongPythonType, COMPLETED_NO)
1 - BAD_PARAM: CORBA.BAD_PARAM(omniORB.BAD_PARAM_WrongPythonType, CORBA.COMPLETED_NO)
1 -   File "ACSCorba.py", line xxx, in getORB
1 -     ORB = CORBA.ORB_init(argv)
1 -   File "mock.py", line xxx, in __call__
1 -     ret_val = self.side_effect(*args, **kwargs)
1 -   File "test_Acspy_Util_ACSCorba.py", line xxx, in raiser
1 -     raise Exception("Boom!")
1 - Exception: Boom!
1 -   File "ACSCorba.py", line xxx, in getPOAManager
1 -     POA_MANAGER = getPOARoot()._get_the_POAManager()
1 -   File "mock.py", line xxx, in __call__
1 -     ret_val = self.side_effect(*args, **kwargs)
1 -   File "test_Acspy_Util_ACSCorba.py", line xxx, in raiser
1 -     raise Exception("Boom!")
1 - Exception: Boom!
1 -   File "ACSCorba.py", line xxx, in getPOARoot
1 -     POA_ROOT = getORB().resolve_initial_references("RootPOA")
1 -   File "mock.py", line xxx, in __call__
1 -     ret_val = self.side_effect(*args, **kwargs)
1 -   File "test_Acspy_Util_ACSCorba.py", line xxx, in raiser
1 -     raise Exception("Boom!")
1 - Exception: Boom!
1 - ...........................
1 - ----------------------------------------------------------------------
1 - Ran xx tests in x.xxxs
1 - 
1 - OK
