Resolving Naming Service...
Resolving Notify Channel... 4 LoggingChannel@LOGGING
Notify Channel: LoggingChannel@LOGGING
ACS Notify Push Subscriber Client is running...
Stopping the Logging Client...
ACS Notify Push Subscriber Client stopped.
