2012-03-07T17:30:33.618 [GlobalLogger - ] Logging proxy successfully created !
2012-03-07T17:30:33.618 Local file logger: Cache saved to '/diska/home/almadev/workspace/acspycommon/test/tmp/log_cache.dat__10379'.
2012-03-07T17:30:33.630 [GlobalLogger - ] New command line is: -silent -ORBEndpoint iiop://192.168.176.130:3011 -ORBInitRef NameService=corbaloc::192.168.176.130:3001/NameService -ORBDottedDecimalAddresses 1 
Initialising ORB ... 
ORB initialsed !
2012-03-07T17:30:33.680 [GlobalLogger - ] Trying to connect to the Naming Service ....
2012-03-07T17:30:33.692 [GlobalLogger - ] Connected to the Name Service
Resolving Logging Service from Naming service ...
Logging Service resolved !
Creating POA ... 
policies are created !
POA created !
Policies are destroyed !
2012-03-07T17:30:33.702 [GlobalLogger - ] ACSLogSvc service registered with Naming Services
2012-03-07T17:30:33.702 [GlobalLogger - ] ACSLogSvc is waiting for incoming log messages ...
