 --endorsed -- alma.acs.alarmsystem.corbaservice.AlarmSystemCorbaServer -jacorb -OAIAddr 192.168.176.130 -OAport 3013
2012-03-07T17:30:35.322 INFO [acsStartJava] Starting Java application: alma.acs.alarmsystem.corbaservice.AlarmSystemCorbaServer -jacorb -OAIAddr 192.168.176.130 -OAport 3013
2012-03-07T17:30:35.356 INFO [acsStartJava] Using endorsed jar files in: -Djava.endorsed.dirs=../lib/endorsed:/diska/home/almadev/introot/lib/endorsed:/alma/ACS-10.1/ACSSW/lib/endorsed:
2012-03-07T17:30:35.415 DEBUG [acsStartJava] exported CLASSPATH
2012-03-07T17:30:35.429 DEBUG [acsStartJava] exported MANAGER_REFERENCE=corbaloc::192.168.176.130:3000/Manager
2012-03-07T17:30:35.443 DEBUG [acsStartJava] ACS Manager: corbaloc::192.168.176.130:3000/Manager
2012-03-07T17:30:35.463 DEBUG [acsStartJava] exported MANAGER_COMPUTER_NAME=192.168.176.130
2012-03-07T17:30:35.477 DEBUG [acsStartJava] exported ACS_NAME_SERVICE=corbaloc::192.168.176.130:3001/NameService
2012-03-07T17:30:35.492 DEBUG [acsStartJava] ACS Name Service: corbaloc::192.168.176.130:3001/NameService
2012-03-07T17:30:35.507 DEBUG [acsStartJava] exported ACS_INTERFACE_REPOSITORY=corbaloc::192.168.176.130:3004/InterfaceRepository
2012-03-07T17:30:35.524 DEBUG [acsStartJava] ACS Interface Repository: corbaloc::192.168.176.130:3004/InterfaceRepository
2012-03-07T17:30:35.543 DEBUG [acsStartJava] Running the following command:
2012-03-07T17:30:35.556 DEBUG [acsStartJava] java -classpath "/alma/ACS-10.1/ACSSW/lib/jACSUtil.jar::/alma/ACS-10.1/JacORB/lib/jacorb.jar:/alma/ACS-10.1/JacORB/lib/idl.jar:/alma/ACS-10.1/ant/lib/ant.jar:/alma/ACS-10.1/acsdata/config" "-Djava.endorsed.dirs=../lib/endorsed:/diska/home/almadev/introot/lib/endorsed:/alma/ACS-10.1/ACSSW/lib/endorsed:" -Dorg.apache.xerces.xni.parser.XMLParserConfiguration=org.apache.xerces.parsers.XIncludeParserConfiguration -Dorg.omg.CORBA.ORBClass=org.jacorb.orb.ORB -Dorg.omg.CORBA.ORBSingletonClass=org.jacorb.orb.ORBSingleton -Duser.timezone=UTC -DACS.manager=corbaloc::192.168.176.130:3000/Manager -DORBInitRef.NameService=corbaloc::192.168.176.130:3001/NameService  -DACS.repository=corbaloc::192.168.176.130:3004/InterfaceRepository -DACS.tmp=/diska/home/almadev/workspace/acspycommon/test/tmp -DACS.baseport=0 -DACS.data=/alma/ACS-10.1/acsdata -DACS.logstdout=3 -DACS.log.minlevel.remote=4 -DACS.loggingBin=false  -Djava.system.class.loader=alma.acs.classloading.AcsSystemClassLoader -Dacs.system.classpath.jardirs="../lib:/diska/home/almadev/introot/lib:/alma/ACS-10.1/ACSSW/lib" -Djava.util.logging.manager=alma.acs.logging.AcsLogManager -Dalma.acs.logging.useAcsLogServiceExtensions=1 -server -XX:+UseConcMarkSweepGC -XX:+CMSIncrementalMode -XX:+CMSParallelRemarkEnabled -XX:+HeapDumpOnOutOfMemoryError -XX:HeapDumpPath=/diska/home/almadev/workspace/acspycommon/test/tmp/ACS_INSTANCE.0 -XX:ErrorFile=/diska/home/almadev/workspace/acspycommon/test/tmp/ACS_INSTANCE.0/jvm_fatal_error%p.log -showversion  alma.acs.alarmsystem.corbaservice.AlarmSystemCorbaServer -jacorb -OAIAddr 192.168.176.130 -OAport 3013
java version "1.6.0_22"
Java(TM) SE Runtime Environment (build 1.6.0_22-b04)
Java HotSpot(TM) Server VM (build 17.1-b03, mixed mode)

2012-03-07T17:30:35.988 INFO [AlarmService] ACS alarm service will use JacORB ORB
2012-03-07T17:30:36.455 INFO [AlarmService] ORB status: connectionThreadsUsed=0%, lost calls=0, requestQueueMaxUsePercent=0% (in POA '---').
2012-03-07T17:30:36.714 INFO [AlarmService] Starting the ACS implementation of the alarm service
2012-03-07T17:30:36.720 DEBUG [AlarmService] Registering into the naming service with name AcsAlarmService
The alarm service is ready and waiting
2012-03-07T17:31:07.772 INFO [AlarmService] ORB status: connectionThreadsUsed=0%, lost calls=0, requestQueueMaxUsePercent=0% (in POA '---').
2012-03-07T17:31:07.778 DEBUG [AlarmService] Shutting down
2012-03-07T17:31:07.803 DEBUG [AlarmService] Unregistering AcsAlarmService from the naming service
2012-03-07T17:31:07.820 DEBUG [AlarmService] Shutting down the alarm service
2012-03-07T17:31:07.821 DEBUG [AlarmService] Shutting down ORB
2012-03-07T17:31:07.825 DEBUG [AlarmService] ORB thread terminated
2012-03-07T17:31:07.826 DEBUG [AlarmService] ORB shut down
2012-03-07T17:31:07.826 DEBUG [AlarmService] See you soon :-)
