Using reactive client control.
Using 1 threads for each Supplier.
Using 1 threads for each Consumer.
