2012-03-06T17:43:20.328 DEBUG [Searching for schema files in: /diska/home/almadev/workspace/acspycommon/test/../config/CDB/schemas:/diska/home/almadev/workspace/acspycommon/test/CDB/schemas:/diska/home/almadev/introot/config/CDB/schemas:/alma/ACS-10.1/ACSSW/config/CDB/schemas] 
 --endorsed --maxHeapSize 512m -D jacorb.poa.thread_pool_max=200 -D jacorb.connection.client.pending_reply_timeout=30000 -D ACS.cdbpath=/diska/home/almadev/workspace/acspycommon/test/../config/CDB/schemas:/diska/home/almadev/workspace/acspycommon/test/CDB/schemas:/diska/home/almadev/introot/config/CDB/schemas:/alma/ACS-10.1/ACSSW/config/CDB/schemas -- com.cosylab.cdb.jdal.Server -jacorb -root /diska/home/almadev/workspace/acspycommon/test -OAIAddr 192.168.176.130 -OAport 3012 -n
2012-03-06T17:43:20.636 INFO [acsStartJava] Starting Java application: com.cosylab.cdb.jdal.Server -jacorb -root /diska/home/almadev/workspace/acspycommon/test -OAIAddr 192.168.176.130 -OAport 3012 -n
2012-03-06T17:43:20.687 INFO [acsStartJava] Using endorsed jar files in: -Djava.endorsed.dirs=../lib/endorsed:/diska/home/almadev/introot/lib/endorsed:/alma/ACS-10.1/ACSSW/lib/endorsed:
2012-03-06T17:43:20.795 DEBUG [acsStartJava] exported CLASSPATH
2012-03-06T17:43:20.841 DEBUG [acsStartJava] exported MANAGER_REFERENCE=corbaloc::192.168.176.130:3000/Manager
2012-03-06T17:43:20.855 DEBUG [acsStartJava] ACS Manager: corbaloc::192.168.176.130:3000/Manager
2012-03-06T17:43:20.875 DEBUG [acsStartJava] exported MANAGER_COMPUTER_NAME=192.168.176.130
2012-03-06T17:43:20.892 DEBUG [acsStartJava] exported ACS_NAME_SERVICE=corbaloc::192.168.176.130:3001/NameService
2012-03-06T17:43:20.904 DEBUG [acsStartJava] ACS Name Service: corbaloc::192.168.176.130:3001/NameService
2012-03-06T17:43:20.921 DEBUG [acsStartJava] exported ACS_INTERFACE_REPOSITORY=corbaloc::192.168.176.130:3004/InterfaceRepository
2012-03-06T17:43:20.934 DEBUG [acsStartJava] ACS Interface Repository: corbaloc::192.168.176.130:3004/InterfaceRepository
2012-03-06T17:43:20.957 DEBUG [acsStartJava] Running the following command:
2012-03-06T17:43:20.973 DEBUG [acsStartJava] java -classpath "/alma/ACS-10.1/ACSSW/lib/jACSUtil.jar::/alma/ACS-10.1/JacORB/lib/jacorb.jar:/alma/ACS-10.1/JacORB/lib/idl.jar:/alma/ACS-10.1/ant/lib/ant.jar:/alma/ACS-10.1/acsdata/config" "-Djava.endorsed.dirs=../lib/endorsed:/diska/home/almadev/introot/lib/endorsed:/alma/ACS-10.1/ACSSW/lib/endorsed:" -Dorg.apache.xerces.xni.parser.XMLParserConfiguration=org.apache.xerces.parsers.XIncludeParserConfiguration -Dorg.omg.CORBA.ORBClass=org.jacorb.orb.ORB -Dorg.omg.CORBA.ORBSingletonClass=org.jacorb.orb.ORBSingleton -Duser.timezone=UTC -DACS.manager=corbaloc::192.168.176.130:3000/Manager -DORBInitRef.NameService=corbaloc::192.168.176.130:3001/NameService  -DACS.repository=corbaloc::192.168.176.130:3004/InterfaceRepository -DACS.tmp=/diska/home/almadev/workspace/acspycommon/test/tmp -DACS.baseport=0 -DACS.data=/alma/ACS-10.1/acsdata -DACS.logstdout=3 -DACS.log.minlevel.remote=4 -DACS.loggingBin=false   -D'jacorb.poa.thread_pool_max=200' -D'jacorb.connection.client.pending_reply_timeout=30000' -D'ACS.cdbpath=/diska/home/almadev/workspace/acspycommon/test/../config/CDB/schemas:/diska/home/almadev/workspace/acspycommon/test/CDB/schemas:/diska/home/almadev/introot/config/CDB/schemas:/alma/ACS-10.1/ACSSW/config/CDB/schemas' -Djava.system.class.loader=alma.acs.classloading.AcsSystemClassLoader -Dacs.system.classpath.jardirs="../lib:/diska/home/almadev/introot/lib:/alma/ACS-10.1/ACSSW/lib" -Djava.util.logging.manager=alma.acs.logging.AcsLogManager -Dalma.acs.logging.useAcsLogServiceExtensions=1 -server -XX:+UseConcMarkSweepGC -XX:+CMSIncrementalMode -XX:+CMSParallelRemarkEnabled -Xmx512m -Xloggc:/diska/home/almadev/workspace/acspycommon/test/tmp/ACS_INSTANCE.0/cdbjDAL.gclog -XX:+PrintGCDetails -XX:+PrintGCTimeStamps -XX:+PrintGCApplicationConcurrentTime -XX:+PrintGCApplicationStoppedTime -XX:+PrintTenuringDistribution -XX:+PrintHeapAtGC -XX:+HeapDumpOnOutOfMemoryError -XX:HeapDumpPath=/diska/home/almadev/workspace/acspycommon/test/tmp/ACS_INSTANCE.0 -XX:ErrorFile=/diska/home/almadev/workspace/acspycommon/test/tmp/ACS_INSTANCE.0/jvm_fatal_error%p.log -showversion  com.cosylab.cdb.jdal.Server -jacorb -root /diska/home/almadev/workspace/acspycommon/test -OAIAddr 192.168.176.130 -OAport 3012 -n
java version "1.6.0_22"
Java(TM) SE Runtime Environment (build 1.6.0_22-b04)
Java HotSpot(TM) Server VM (build 17.1-b03, mixed mode)

2012-03-06T17:43:21.776 INFO [CDB] DALImpl will use XSD caching for xerces sax parser ? false
2012-03-06T17:43:21.800 INFO [CDB] DAL root is: /diska/home/almadev/workspace/acspycommon/test/CDB/
2012-03-06T17:43:21.836 DEBUG [CDB] - found 1 xsd-files in -root=/diska/home/almadev/workspace/acspycommon/test/CDB/
2012-03-06T17:43:21.837 DEBUG [CDB] - found 37 additional xsd-files in ACS.cdbpath=/diska/home/almadev/workspace/acspycommon/test/../config/CDB/schemas:/diska/home/almadev/workspace/acspycommon/test/CDB/schemas:/diska/home/almadev/introot/config/CDB/schemas:/alma/ACS-10.1/ACSSW/config/CDB/schemas
2012-03-06T17:43:22.257 INFO [CDB] JDAL is listening on 192.168.176.130:3012/CDB
2012-03-06T17:43:22.258 INFO [CDB] JDAL is ready and waiting ...
JDAL is ready and waiting ...
2012-03-06T17:43:22.259 DEBUG [CDB] Starting pre-filling cache...
2012-03-06T17:43:22.265 DEBUG [CDB] loadRecords(curl=MACI/Managers/Manager), strFileCurl=MACI/Managers/Manager, strNodeCurl=
2012-03-06T17:43:22.265 DEBUG [CDB] loadRecords(curl=MACI/Managers/Manager); curlNode 'Manager' is simple.
2012-03-06T17:43:22.266 DEBUG [CDB] Parsing xmlFile=/diska/home/almadev/workspace/acspycommon/test/CDB/MACI/Managers/Manager/Manager.xml
2012-03-06T17:43:22.444 DEBUG [CDB] Returning XML record for: MACI/Managers/Manager
2012-03-06T17:43:22.537 DEBUG [CDB] XML record 'MACI/Managers/Manager' put to cache.
2012-03-06T17:43:22.537 DEBUG [CDB] loadRecords(curl=MACI/Components), strFileCurl=MACI/Components, strNodeCurl=
2012-03-06T17:43:22.538 DEBUG [CDB] loadRecords(curl=MACI/Components); curlNode 'Components' is simple.
2012-03-06T17:43:22.538 DEBUG [CDB] Parsing xmlFile=/diska/home/almadev/workspace/acspycommon/test/CDB/MACI/Components/Components.xml
2012-03-06T17:43:22.584 DEBUG [CDB] Returning XML record for: MACI/Components
2012-03-06T17:43:22.674 DEBUG [CDB] XML record 'MACI/Components' put to cache.
2012-03-06T17:43:22.674 DEBUG [CDB] loadRecords(curl=MACI/Containers/PyTestCDBContainer), strFileCurl=MACI/Containers/PyTestCDBContainer, strNodeCurl=
2012-03-06T17:43:22.674 DEBUG [CDB] loadRecords(curl=MACI/Containers/PyTestCDBContainer); curlNode 'PyTestCDBContainer' is simple.
2012-03-06T17:43:22.675 DEBUG [CDB] Parsing xmlFile=/diska/home/almadev/workspace/acspycommon/test/CDB/MACI/Containers/PyTestCDBContainer/PyTestCDBContainer.xml
2012-03-06T17:43:22.739 DEBUG [CDB] Returning XML record for: MACI/Containers/PyTestCDBContainer
2012-03-06T17:43:22.828 DEBUG [CDB] XML record 'MACI/Containers/PyTestCDBContainer' put to cache.
2012-03-06T17:43:22.829 DEBUG [CDB] loadRecords(curl=MACI/Containers/TestContainer), strFileCurl=MACI/Containers/TestContainer, strNodeCurl=
2012-03-06T17:43:22.829 DEBUG [CDB] loadRecords(curl=MACI/Containers/TestContainer); curlNode 'TestContainer' is simple.
2012-03-06T17:43:22.829 DEBUG [CDB] Parsing xmlFile=/diska/home/almadev/workspace/acspycommon/test/CDB/MACI/Containers/TestContainer/TestContainer.xml
2012-03-06T17:43:22.911 DEBUG [CDB] Returning XML record for: MACI/Containers/TestContainer
2012-03-06T17:43:23.000 DEBUG [CDB] XML record 'MACI/Containers/TestContainer' put to cache.
2012-03-06T17:43:23.000 DEBUG [CDB] Cache filling fully completed.
2012-03-06T17:43:32.049 DEBUG [CDB] loadRecords(curl=Alarms/Administrative/AlarmSystemConfiguration), strFileCurl=null, strNodeCurl=Administrative/AlarmSystemConfiguration/
2012-03-06T17:43:32.148 DEBUG [CDB] Exception for record 'Alarms/Administrative/AlarmSystemConfiguration' put to cache.
2012-03-06T17:43:32.149 NOTICE [CDB] Curl 'Alarms/Administrative/AlarmSystemConfiguration' does not exist.
2012-03-06T17:43:35.138 DEBUG [CDB] XML record 'MACI/Managers/Manager' retrieved from cache.
2012-03-06T17:43:35.522 DEBUG [CDB] XML record 'MACI/Managers/Manager' retrieved from cache.
2012-03-06T17:43:35.552 INFO [CDB] Recovery file: /diska/home/almadev/workspace/acspycommon/test/tmp/CDB_Recovery.txt
2012-03-06T17:43:35.571 DEBUG [CDB] XML record 'MACI/Components' retrieved from cache.
2012-03-06T17:43:35.686 DEBUG [CDB] loadRecords(curl=MACI/Containers), strFileCurl=MACI/Containers, strNodeCurl=
2012-03-06T17:43:35.686 DEBUG [CDB] loadRecords(curl=MACI/Containers), curlNode is Complex
2012-03-06T17:43:35.706 DEBUG [CDB] Returning XML record for: MACI/Containers
2012-03-06T17:43:35.798 DEBUG [CDB] XML record 'MACI/Containers' put to cache.
2012-03-06T17:43:44.726 DEBUG [CDB] CDBRecordDoesNotExist exception for record 'Alarms/Administrative/AlarmSystemConfiguration' retrieved from cache.
2012-03-06T17:43:48.055 DEBUG [CDB] loadRecords(curl=alma/MOUNT1), strFileCurl=alma/MOUNT1, strNodeCurl=
2012-03-06T17:43:48.055 DEBUG [CDB] loadRecords(curl=alma/MOUNT1); curlNode 'MOUNT1' is simple.
2012-03-06T17:43:48.055 DEBUG [CDB] Parsing xmlFile=/diska/home/almadev/workspace/acspycommon/test/CDB/alma/MOUNT1/MOUNT1.xml
2012-03-06T17:43:48.156 DEBUG [CDB] Returning XML record for: alma/MOUNT1
2012-03-06T17:43:48.258 DEBUG [CDB] XML record 'alma/MOUNT1' put to cache.
2012-03-06T17:44:10.005 INFO [CDB] JDAL exiting ORB loop ...
