1 - ------------------------------------------------------------------
1 - Creating CDBaccess...
1 - ------------------------------------------------------------------
1 - Invoking getField on CDB/alma/MOUNT1
1 - ------------------------------------------------------------------
1 - Invoking getElement on actAz property of CDB/alma/MOUNT1
1 - Alarm high off is:  350.0
1 - ------------------------------------------------------------------
