Resolving Naming Service...
Resolving Notify Channel... 4 LoggingChannel
Notify Channel: LoggingChannel
ACS Notify Push Subscriber Client is running...
Stopping the Logging Client...
ACS Notify Push Subscriber Client stopped.
